C51 COMPILER V9.57.0.0   CLOCK                                                             06/20/2021 11:24:36 PAGE 1   


C51 COMPILER V9.57.0.0, COMPILATION OF MODULE CLOCK
OBJECT MODULE PLACED IN clock.OBJ
COMPILER INVOKED BY: E:\mdkArmkeil5\C51\BIN\C51.EXE clock.c OPTIMIZE(8,SPEED) BROWSE DEBUG OBJECTEXTEND TABS(2)

line level    source

   1          /***********************************************************************************
   2                  
   3                        “天祥电子”  
   4                        倾情奉献
   5                      www.txmcu.com
   6                      www.txmcu.cn
   7          
   8          *******************************************************************
   9          
  10          功能简介：
  11          
  12          该例程为数码管显示可调钟表（无定时功能），用到TX-1C开发板中矩阵键盘的上三排按键。
  13          若要更改时钟初始值（即时钟校准，因为时钟初始值全为0），可先按下矩阵键盘中的S16键
  14          （第三排第三列），此时时钟会暂停。
  15          然后按S6---S15中的键修改矫正当前值，S6--S15分别先后对应数字0到9。
  16          矫正完后，按下S17（第三排最后一个），时钟可继续工作。
  17          注意晶振需为11.0592M。
  18          若为其他数值晶振，请合理改变TH0与TL0参数值，否则计时会有很大误差 。
  19          
  20          ********************************************************************************/
  21          #include<reg51.h>
  22          
  23          #define uchar unsigned char
  24          
  25          sbit dula=P2^6;
  26          sbit wela=P2^7;
  27          sbit beep=P2^6;//23
  28          unsigned char j,k,a1,a0,b1,b0,c1,c0,s,f,m,key=10,temp,qq;
  29          uchar shi20,shi10,fen20,fen10,miao20,miao10,new,ok=1,wei;
  30          unsigned int pp;
  31          unsigned char code table[]={0x3f,0x06,0x5b,0x4f,0x66,0x6d,0x7d,
  32                                  0x07,0x7f,0x6f,0x77,0x7c,0x39,0x5e,0x79,0x71};
  33          
  34          sbit MOTOR1=P1^0;
  35          sbit MOTOR2=P1^1;
  36          
  37          unsigned int ppp;
  38                                  
  39          uchar jj,kk,l=255;
  40          uchar aa1,aa0;
  41          uchar shijian,deng=2;
  42          
  43          void delay(unsigned char i)
  44          {
  45   1        for(j=i;j>0;j--)
  46   1          for(k=125;k>0;k--);
  47   1      }
  48          void display(uchar shi2,uchar shi1,uchar fen2,uchar fen1,uchar miao2,uchar miao1)
  49          {
  50   1         dula=0;
  51   1         P0=table[shi2];
  52   1         dula=1;
  53   1         dula=0;
  54   1         
  55   1         wela=0;
C51 COMPILER V9.57.0.0   CLOCK                                                             06/20/2021 11:24:36 PAGE 2   

  56   1         P0=0xfe;
  57   1         wela=1;
  58   1         wela=0;
  59   1         delay(5);
  60   1         
  61   1         P0=table[shi1]|0x80;
  62   1         dula=1;
  63   1         dula=0;
  64   1         
  65   1         P0=0xfd;
  66   1         wela=1;
  67   1         wela=0;
  68   1         delay(5);
  69   1      
  70   1         P0=table[fen2];
  71   1         dula=1;
  72   1         dula=0;
  73   1         
  74   1         P0=0xfb;
  75   1         wela=1;
  76   1         wela=0;
  77   1         delay(5);
  78   1         
  79   1         P0=table[fen1]|0x80;
  80   1         dula=1;
  81   1         dula=0;
  82   1         
  83   1         P0=0xf7;
  84   1         wela=1;
  85   1         wela=0;
  86   1         delay(5);
  87   1         
  88   1         P0=table[miao2];
  89   1         dula=1;
  90   1         dula=0;
  91   1         
  92   1         P0=0xef;
  93   1         wela=1;
  94   1         wela=0;
  95   1         delay(5);
  96   1         
  97   1         P0=table[miao1];
  98   1         dula=1;
  99   1         dula=0;
 100   1         
 101   1         P0=0xdf;
 102   1         wela=1;
 103   1         wela=0;
 104   1         delay(5);
 105   1      }
 106          
 107          void keyscan0()
 108          {
 109   1          P3=0xfb;
 110   1          temp=P3;
 111   1          temp=temp&0xf0;
 112   1          if(temp!=0xf0)
 113   1          {
 114   2            delay(10);
 115   2            if(temp!=0xf0)
 116   2            {
 117   3              temp=P3;
C51 COMPILER V9.57.0.0   CLOCK                                                             06/20/2021 11:24:36 PAGE 3   

 118   3              switch(temp)
 119   3              {
 120   4                case 0xbb:
 121   4                     ok=0;
 122   4                     break;
 123   4      
 124   4                case 0x7b:
 125   4                     ok=1;
 126   4                     break;
 127   4               }
 128   3            }
 129   2            } 
 130   1      }
 131          
 132          
 133          void keyscan()
 134          {
 135   1        { 
 136   2          P3=0xfe;
 137   2          temp=P3;
 138   2          temp=temp&0xf0;
 139   2          if(temp!=0xf0)
 140   2          {
 141   3            delay(10);
 142   3            if(temp!=0xf0)
 143   3            { 
 144   4              temp=P3;
 145   4              switch(temp)
 146   4              {
 147   5                case 0xee:
 148   5                     key=0;
 149   5               wei++;
 150   5                     break;
 151   5      
 152   5                case 0xde:
 153   5                     key=1;
 154   5               wei++;
 155   5                     break;
 156   5      
 157   5                case 0xbe:
 158   5                     key=2;
 159   5               wei++;
 160   5                     break;
 161   5      
 162   5                case 0x7e:
 163   5                     key=3;
 164   5               wei++;
 165   5                     break;
 166   5               }
 167   4               while(temp!=0xf0) 
 168   4              {
 169   5                 temp=P3;
 170   5                 temp=temp&0xf0;
 171   5                 beep=0;
 172   5               }
 173   4               beep=1;
 174   4            }
 175   3          }
 176   2          P3=0xfd;
 177   2          temp=P3;
 178   2          temp=temp&0xf0;
 179   2          if(temp!=0xf0)
C51 COMPILER V9.57.0.0   CLOCK                                                             06/20/2021 11:24:36 PAGE 4   

 180   2          {
 181   3            delay(10);
 182   3            if(temp!=0xf0)
 183   3            {
 184   4              temp=P3;
 185   4              switch(temp)
 186   4              {
 187   5                case 0xed:
 188   5                     key=4;
 189   5               wei++;
 190   5                     break;
 191   5      
 192   5                case 0xdd:
 193   5                     key=5;
 194   5               wei++;
 195   5                     break;
 196   5      
 197   5                case 0xbd:
 198   5                     key=6;
 199   5               wei++;
 200   5                     break;
 201   5      
 202   5                case 0x7d:
 203   5                     key=7;
 204   5               wei++;
 205   5                     break;
 206   5               }
 207   4               while(temp!=0xf0)
 208   4               {
 209   5                 temp=P3;
 210   5                 temp=temp&0xf0;
 211   5                 beep=0;
 212   5               }
 213   4               beep=1;
 214   4            }
 215   3            }
 216   2          P3=0xfb;
 217   2          temp=P3;
 218   2          temp=temp&0xf0;
 219   2          if(temp!=0xf0)
 220   2          {
 221   3            delay(10);
 222   3            if(temp!=0xf0)
 223   3            {
 224   4              temp=P3;
 225   4              switch(temp)
 226   4              {
 227   5                case 0xeb:
 228   5                     key=8;
 229   5               wei++;
 230   5                     break;
 231   5      
 232   5                case 0xdb:
 233   5                     key=9;
 234   5               wei++;
 235   5                     break;
 236   5               }
 237   4              while(temp!=0xf0)
 238   4               {
 239   5                 temp=P3;
 240   5                 temp=temp&0xf0;
 241   5                 beep=0;
C51 COMPILER V9.57.0.0   CLOCK                                                             06/20/2021 11:24:36 PAGE 5   

 242   5               }
 243   4               beep=1;
 244   4            }
 245   3            }
 246   2      }
 247   1      }
 248          
 249          void main()
 250          {
 251   1        
 252   1        
 253   1        //TMOD=0x01;
 254   1      
 255   1        TH0=(65536-46080)/256;// 由于晶振为11.0592,故所记次数应为46080，计时器每隔50000微秒发起一次中断。
 256   1        TL0=(65536-46080)%256;//46080的来历，为50000*11.0592/12
 257   1        ET0=1;
 258   1      //  EA=1;
 259   1        
 260   1        //TMOD|=0X10;
 261   1        TMOD = 0X11;
 262   1      
 263   1        TH1=(65536-46080)/256;  //
 264   1        TL1=(65536-46080)%256;  
 265   1        ET1=1;//
 266   1        EA=1;//
 267   1        //TR1=1;//
 268   1        
 269   1        while(1)
 270   1        { keyscan0();
 271   2          
 272   2          if(shijian==0)
 273   2          {
 274   3            switch(deng)
 275   3            {
 276   4              case 0: shijian=5;      //oìμ?
 277   4                  deng=1;
 278   4                  break;
 279   4      //        case 1: shijian=5;      //??μ?
 280   4      //            deng=2;
 281   4      //            break;
 282   4              case 2: shijian=5;      //?ìμ?
 283   4                  deng=3;
 284   4                  break;
 285   4              case 3: shijian=5;      //??μ?
 286   4                  deng=0;
 287   4                  break;
 288   4            
 289   4              }
 290   3          }
 291   2          if(ppp==20)
 292   2          { 
 293   3            ppp=0;
 294   3            shijian--;
 295   3          }
 296   2          aa0=shijian%10;
 297   2          aa1=shijian/10;
 298   2      //    display(aa1,aa0);
 299   2          switch(deng)
 300   2          {
 301   3            case 1: 
 302   3              //P1=0X00;       //oìμ?
 303   3                break;
C51 COMPILER V9.57.0.0   CLOCK                                                             06/20/2021 11:24:36 PAGE 6   

 304   3            case 2:       //??μ?
 305   3                if(shijian%2==0)
 306   3                  {
 307   4                //    P1=0x00;
 308   4                    beep=1;
 309   4                  }
 310   3                if(shijian%2==1)
 311   3                  {
 312   4                  //   P1=0xff;
 313   4                     beep=0;
 314   4                  }
 315   3                break;
 316   3            case 3:     //?ìμ?
 317   3                if(shijian%2==0)
 318   3                  {
 319   4                  //  P1=0x55;
 320   4                    MOTOR1=1;
 321   4                    MOTOR2=0;
 322   4                  }
 323   3                if(shijian%2==1)
 324   3                  {
 325   4                  //  P1=0xaa;
 326   4                    MOTOR2=1;
 327   4                    MOTOR1=0;
 328   4                  }
 329   3                break;
 330   3            case 0: if(shijian%2==0)    //??μ?
 331   3                  {
 332   4                //    P1=0x00;
 333   4                    beep=1;
 334   4                  }
 335   3                if(shijian%2==1)
 336   3                  {
 337   4                  // P1=0xff;
 338   4                   beep=0;
 339   4                  }
 340   3                break;  
 341   3          }
 342   2        
 343   2          if(ok==1)
 344   2          { TR0=1;
 345   3            TR1=1;
 346   3            wei=0;
 347   3          
 348   3          if(pp==20)
 349   3          { pp=0;
 350   4            m++;
 351   4            if(m==60)
 352   4            {
 353   5              m=0;
 354   5              f++;
 355   5              if(f==60)
 356   5              {
 357   6                f=0;
 358   6                s++;
 359   6                if(s==24)  //为24h一个循环，若要12h，只需在此改为12即可。
 360   6                {
 361   7                  s=0;
 362   7                }
 363   6              }
 364   5            }
 365   4          }
C51 COMPILER V9.57.0.0   CLOCK                                                             06/20/2021 11:24:36 PAGE 7   

 366   3          
 367   3          a0=s%10;
 368   3          a1=s/10;
 369   3          b0=f%10;
 370   3          b1=f/10;
 371   3          c0=m%10;
 372   3          c1=m/10;
 373   3          display(a1,a0,b1,b0,c1,c0);
 374   3        }
 375   2        else
 376   2        { TR0=0;
 377   3          TR1=0;
 378   3          keyscan();
 379   3          if(key!=10)
 380   3          {
 381   4          
 382   4          switch(wei)
 383   4          {
 384   5            case 1: if(key<3)   //小时最高位为2
 385   5                a1=key;
 386   5                else
 387   5                wei--;
 388   5                break;
 389   5            case 2: if(a1==1|a1==0)
 390   5                a0=key;
 391   5                else
 392   5                if(key<5)
 393   5                a0=key;      //当小时最高位为2时，低位最高为4
 394   5                break;
 395   5            case 3: if(key<7)   //分钟最高位为6
 396   5                b1=key;
 397   5                else
 398   5                wei--;
 399   5                break;
 400   5            case 4: b0=key; break;
 401   5            case 5: if(key<7)   //秒最高位为6
 402   5                c1=key; 
 403   5                else
 404   5                wei--;
 405   5                break;
 406   5            case 6: c0=key; break;
 407   5          }
 408   4          key=10;
 409   4          }
 410   3            m=c1*10+c0;
 411   3            f=b1*10+b0;
 412   3            s=a1*10+a0;
 413   3          display(a1,a0,b1,b0,c1,c0);
 414   3        } 
 415   2        }
 416   1      }
 417          
 418          void time0() interrupt 1
 419          { 
 420   1        TH0=(65536-46080)/256;
 421   1        TL0=(65536-46080)%256;
 422   1        pp++;
 423   1      }
 424          void Timer1() interrupt 3
 425          {
 426   1        TH1=(65536-46080)/256;
 427   1        TL1=(65536-46080)%256;
C51 COMPILER V9.57.0.0   CLOCK                                                             06/20/2021 11:24:36 PAGE 8   

 428   1        ppp++;
 429   1      }


MODULE INFORMATION:   STATIC OVERLAYABLE
   CODE SIZE        =    921    ----
   CONSTANT SIZE    =     16    ----
   XDATA SIZE       =   ----    ----
   PDATA SIZE       =   ----    ----
   DATA SIZE        =     34       6
   IDATA SIZE       =   ----    ----
   BIT SIZE         =   ----    ----
END OF MODULE INFORMATION.


C51 COMPILATION COMPLETE.  0 WARNING(S),  0 ERROR(S)
